\BOOKMARK [1][-]{section.1}{\376\377\000E\000x\000e\000c\000u\000t\000i\000v\000e\000\040\000S\000u\000m\000m\000a\000r\000y}{}% 1
\BOOKMARK [1][-]{section.2}{\376\377\000S\000y\000s\000t\000e\000m\000\040\000A\000r\000c\000h\000i\000t\000e\000c\000t\000u\000r\000e\000\040\000O\000v\000e\000r\000v\000i\000e\000w}{}% 2
\BOOKMARK [2][-]{subsection.2.1}{\376\377\000H\000i\000g\000h\000-\000L\000e\000v\000e\000l\000\040\000C\000o\000m\000p\000o\000n\000e\000n\000t\000\040\000M\000a\000p}{section.2}% 3
\BOOKMARK [2][-]{subsection.2.2}{\376\377\000T\000e\000c\000h\000n\000o\000l\000o\000g\000y\000\040\000S\000t\000a\000c\000k}{section.2}% 4
\BOOKMARK [1][-]{section.3}{\376\377\000S\000t\000a\000g\000e\000\040\0001\000:\000\040\000N\000a\000t\000u\000r\000a\000l\000\040\000L\000a\000n\000g\000u\000a\000g\000e\000\040\000U\000n\000d\000e\000r\000s\000t\000a\000n\000d\000i\000n\000g\000\040\000E\000n\000g\000i\000n\000e}{}% 5
\BOOKMARK [2][-]{subsection.3.1}{\376\377\000O\000v\000e\000r\000v\000i\000e\000w}{section.3}% 6
\BOOKMARK [2][-]{subsection.3.2}{\376\377\000F\000a\000s\000t\000\040\000P\000a\000t\000h\000:\000\040\000H\000S\000\040\000C\000o\000d\000e\000\040\000D\000e\000t\000e\000c\000t\000i\000o\000n}{section.3}% 7
\BOOKMARK [2][-]{subsection.3.3}{\376\377\000I\000n\000t\000e\000n\000t\000\040\000D\000e\000t\000e\000c\000t\000i\000o\000n\000\040\000P\000i\000p\000e\000l\000i\000n\000e}{section.3}% 8
\BOOKMARK [2][-]{subsection.3.4}{\376\377\000L\000L\000M\000\040\000U\000n\000i\000f\000i\000e\000d\000\040\000E\000x\000t\000r\000a\000c\000t\000i\000o\000n}{section.3}% 9
\BOOKMARK [2][-]{subsection.3.5}{\376\377\000P\000r\000o\000d\000u\000c\000t\000\040\000K\000e\000y\000w\000o\000r\000d\000\040\000R\000e\000s\000o\000l\000u\000t\000i\000o\000n}{section.3}% 10
\BOOKMARK [2][-]{subsection.3.6}{\376\377\000C\000o\000u\000n\000t\000r\000y\000\040\000I\000d\000e\000n\000t\000i\000f\000i\000c\000a\000t\000i\000o\000n}{section.3}% 11
\BOOKMARK [2][-]{subsection.3.7}{\376\377\000S\000c\000o\000p\000e\000\040\000I\000n\000f\000e\000r\000e\000n\000c\000e}{section.3}% 12
\BOOKMARK [2][-]{subsection.3.8}{\376\377\000N\000L\000U\000\040\000O\000u\000t\000p\000u\000t\000\040\000S\000c\000h\000e\000m\000a}{section.3}% 13
\BOOKMARK [2][-]{subsection.3.9}{\376\377\000N\000L\000U\000\040\000C\000a\000c\000h\000i\000n\000g}{section.3}% 14
\BOOKMARK [1][-]{section.4}{\376\377\000S\000t\000a\000g\000e\000\040\0002\000:\000\040\000P\000r\000o\000d\000u\000c\000t\000\040\000R\000e\000s\000o\000l\000u\000t\000i\000o\000n}{}% 15
\BOOKMARK [2][-]{subsection.4.1}{\376\377\000O\000v\000e\000r\000v\000i\000e\000w}{section.4}% 16
\BOOKMARK [2][-]{subsection.4.2}{\376\377\000F\000i\000v\000e\000-\000P\000a\000s\000s\000\040\000M\000a\000t\000c\000h\000i\000n\000g\000\040\000C\000a\000s\000c\000a\000d\000e}{section.4}% 17
\BOOKMARK [2][-]{subsection.4.3}{\376\377\000H\000S\000\040\000C\000o\000d\000e\000\040\000R\000e\000s\000o\000l\000u\000t\000i\000o\000n}{section.4}% 18
\BOOKMARK [2][-]{subsection.4.4}{\376\377\000S\000c\000o\000p\000e\000-\000A\000w\000a\000r\000e\000\040\000T\000r\000a\000d\000e\000\040\000T\000y\000p\000e\000\040\000M\000a\000p\000p\000i\000n\000g}{section.4}% 19
\BOOKMARK [2][-]{subsection.4.5}{\376\377\000A\000v\000a\000i\000l\000a\000b\000i\000l\000i\000t\000y\000\040\000C\000h\000e\000c\000k\000\040\000C\000a\000c\000h\000e}{section.4}% 20
\BOOKMARK [1][-]{section.5}{\376\377\000S\000t\000a\000g\000e\000\040\0003\000:\000\040\000S\000e\000a\000r\000c\000h\000\040\000E\000x\000e\000c\000u\000t\000i\000o\000n}{}% 21
\BOOKMARK [2][-]{subsection.5.1}{\376\377\000T\000h\000r\000e\000e\000-\000P\000a\000t\000h\000\040\000E\000x\000e\000c\000u\000t\000i\000o\000n\000\040\000S\000t\000r\000a\000t\000e\000g\000y}{section.5}% 22
\BOOKMARK [2][-]{subsection.5.2}{\376\377\000P\000a\000t\000h\000\040\000A\000:\000\040\000O\000R\000M\000\040\000A\000g\000g\000r\000e\000g\000a\000t\000i\000o\000n\000\040\000\050\000A\000c\000t\000i\000v\000e\000\051}{section.5}% 23
\BOOKMARK [2][-]{subsection.5.3}{\376\377\000P\000a\000t\000h\000\040\000B\000:\000\040\000O\000p\000e\000n\000S\000e\000a\000r\000c\000h\000\040\000H\000y\000b\000r\000i\000d\000\040\000\050\000D\000o\000r\000m\000a\000n\000t\000\051}{section.5}% 24
\BOOKMARK [2][-]{subsection.5.4}{\376\377\000P\000a\000t\000h\000\040\000C\000:\000\040\000C\000o\000m\000p\000a\000n\000y\000-\000N\000a\000m\000e\000\040\000F\000a\000l\000l\000b\000a\000c\000k}{section.5}% 25
\BOOKMARK [2][-]{subsection.5.5}{\376\377\000S\000e\000a\000r\000c\000h\000\040\000R\000e\000q\000u\000e\000s\000t\000\040\000P\000a\000r\000a\000m\000e\000t\000e\000r\000s}{section.5}% 26
\BOOKMARK [1][-]{section.6}{\376\377\000S\000t\000a\000g\000e\000\040\0004\000:\000\040\000A\000g\000g\000r\000e\000g\000a\000t\000i\000o\000n\000,\000\040\000I\000n\000t\000e\000l\000l\000i\000g\000e\000n\000c\000e\000\040\000\046\000\040\000R\000a\000n\000k\000i\000n\000g}{}% 27
\BOOKMARK [2][-]{subsection.6.1}{\376\377\000S\000u\000p\000p\000l\000i\000e\000r\000A\000g\000g\000r\000e\000g\000a\000t\000o\000r}{section.6}% 28
\BOOKMARK [2][-]{subsection.6.2}{\376\377\000I\000n\000t\000e\000l\000l\000i\000g\000e\000n\000c\000e\000\040\000M\000e\000t\000r\000i\000c\000s}{section.6}% 29
\BOOKMARK [2][-]{subsection.6.3}{\376\377\000V\000o\000l\000u\000m\000e\000-\000F\000i\000t\000\040\000S\000c\000o\000r\000i\000n\000g}{section.6}% 30
\BOOKMARK [2][-]{subsection.6.4}{\376\377\000I\000n\000t\000e\000n\000t\000-\000A\000w\000a\000r\000e\000\040\000C\000o\000m\000p\000o\000s\000i\000t\000e\000\040\000R\000a\000n\000k\000i\000n\000g}{section.6}% 31
\BOOKMARK [2][-]{subsection.6.5}{\376\377\000A\000g\000g\000r\000e\000g\000a\000t\000i\000o\000n\000\040\000C\000a\000c\000h\000e}{section.6}% 32
\BOOKMARK [1][-]{section.7}{\376\377\000A\000P\000I\000\040\000E\000n\000d\000p\000o\000i\000n\000t\000s}{}% 33
\BOOKMARK [2][-]{subsection.7.1}{\376\377\000M\000a\000i\000n\000\040\000S\000e\000a\000r\000c\000h\000\040\040\024\000\040\000G\000E\000T\000\040\000/\000a\000p\000i\000/\000s\000e\000a\000r\000c\000h\000/}{section.7}% 34
\BOOKMARK [2][-]{subsection.7.2}{\376\377\000A\000u\000t\000o\000c\000o\000m\000p\000l\000e\000t\000e\000\040\040\024\000\040\000G\000E\000T\000\040\000/\000a\000p\000i\000/\000s\000e\000a\000r\000c\000h\000/\000a\000u\000t\000o\000c\000o\000m\000p\000l\000e\000t\000e\000/}{section.7}% 35
\BOOKMARK [2][-]{subsection.7.3}{\376\377\000S\000u\000p\000p\000l\000i\000e\000r\000\040\000D\000e\000t\000a\000i\000l\000\040\040\024\000\040\000G\000E\000T\000\040\000/\000a\000p\000i\000/\000s\000e\000a\000r\000c\000h\000/\000s\000u\000p\000p\000l\000i\000e\000r\000-\000d\000e\000t\000a\000i\000l\000/}{section.7}% 36
\BOOKMARK [2][-]{subsection.7.4}{\376\377\000S\000u\000p\000p\000l\000i\000e\000r\000\040\000C\000o\000m\000p\000a\000r\000e\000\040\040\024\000\040\000G\000E\000T\000\040\000/\000a\000p\000i\000/\000s\000e\000a\000r\000c\000h\000/\000c\000o\000m\000p\000a\000r\000e\000/}{section.7}% 37
\BOOKMARK [1][-]{section.8}{\376\377\000C\000a\000c\000h\000i\000n\000g\000\040\000A\000r\000c\000h\000i\000t\000e\000c\000t\000u\000r\000e}{}% 38
\BOOKMARK [2][-]{subsection.8.1}{\376\377\000C\000a\000c\000h\000e\000\040\000B\000a\000c\000k\000e\000n\000d\000\040\000S\000e\000l\000e\000c\000t\000i\000o\000n}{section.8}% 39
\BOOKMARK [2][-]{subsection.8.2}{\376\377\000C\000a\000c\000h\000e\000\040\000H\000i\000e\000r\000a\000r\000c\000h\000y}{section.8}% 40
\BOOKMARK [2][-]{subsection.8.3}{\376\377\000C\000a\000c\000h\000e\000\040\000K\000e\000y\000\040\000C\000o\000n\000s\000t\000r\000u\000c\000t\000i\000o\000n}{section.8}% 41
\BOOKMARK [1][-]{section.9}{\376\377\000M\000a\000c\000h\000i\000n\000e\000\040\000L\000e\000a\000r\000n\000i\000n\000g\000\040\000M\000o\000d\000e\000l\000s}{}% 42
\BOOKMARK [2][-]{subsection.9.1}{\376\377\000M\000o\000d\000e\000l\000\040\000I\000n\000v\000e\000n\000t\000o\000r\000y}{section.9}% 43
\BOOKMARK [2][-]{subsection.9.2}{\376\377\000S\000e\000t\000F\000i\000t\000\040\000I\000n\000t\000e\000n\000t\000\040\000C\000l\000a\000s\000s\000i\000f\000i\000e\000r}{section.9}% 44
\BOOKMARK [2][-]{subsection.9.3}{\376\377\000L\000i\000g\000h\000t\000G\000B\000M\000\040\000L\000a\000m\000b\000d\000a\000R\000a\000n\000k}{section.9}% 45
\BOOKMARK [2][-]{subsection.9.4}{\376\377\000K\000e\000y\000B\000E\000R\000T\000\040\000K\000e\000y\000w\000o\000r\000d\000\040\000E\000x\000t\000r\000a\000c\000t\000i\000o\000n}{section.9}% 46
\BOOKMARK [1][-]{section.10}{\376\377\000R\000e\000s\000i\000l\000i\000e\000n\000c\000e\000\040\000\046\000\040\000F\000a\000l\000l\000b\000a\000c\000k\000\040\000D\000e\000s\000i\000g\000n}{}% 47
\BOOKMARK [1][-]{section.11}{\376\377\000L\000o\000g\000g\000i\000n\000g\000\040\000\046\000\040\000O\000b\000s\000e\000r\000v\000a\000b\000i\000l\000i\000t\000y}{}% 48
\BOOKMARK [2][-]{subsection.11.1}{\376\377\000L\000o\000g\000g\000e\000r\000\040\000C\000o\000n\000f\000i\000g\000u\000r\000a\000t\000i\000o\000n}{section.11}% 49
\BOOKMARK [2][-]{subsection.11.2}{\376\377\000L\000o\000g\000\040\000N\000a\000m\000e\000s\000p\000a\000c\000e\000s}{section.11}% 50
\BOOKMARK [1][-]{section.12}{\376\377\000D\000a\000t\000a\000b\000a\000s\000e\000\040\000S\000c\000h\000e\000m\000a\000\040\000I\000n\000t\000e\000r\000a\000c\000t\000i\000o\000n}{}% 51
\BOOKMARK [2][-]{subsection.12.1}{\376\377\000C\000o\000r\000e\000\040\000T\000a\000b\000l\000e\000s\000\040\000U\000s\000e\000d}{section.12}% 52
\BOOKMARK [2][-]{subsection.12.2}{\376\377\000P\000o\000s\000t\000g\000r\000e\000S\000Q\000L\000\040\000E\000x\000t\000e\000n\000s\000i\000o\000n\000s\000\040\000R\000e\000q\000u\000i\000r\000e\000d}{section.12}% 53
\BOOKMARK [1][-]{section.13}{\376\377\000E\000n\000d\000-\000t\000o\000-\000E\000n\000d\000\040\000Q\000u\000e\000r\000y\000\040\000W\000a\000l\000k\000t\000h\000r\000o\000u\000g\000h}{}% 54
\BOOKMARK [2][-]{subsection.13.1}{\376\377\000S\000t\000a\000g\000e\000\040\0001\000:\000\040\000N\000L\000U}{section.13}% 55
\BOOKMARK [2][-]{subsection.13.2}{\376\377\000S\000t\000a\000g\000e\000\040\0002\000:\000\040\000P\000r\000o\000d\000u\000c\000t\000\040\000R\000e\000s\000o\000l\000u\000t\000i\000o\000n}{section.13}% 56
\BOOKMARK [2][-]{subsection.13.3}{\376\377\000S\000t\000a\000g\000e\000\040\0003\000:\000\040\000S\000e\000a\000r\000c\000h\000\040\000E\000x\000e\000c\000u\000t\000i\000o\000n}{section.13}% 57
\BOOKMARK [2][-]{subsection.13.4}{\376\377\000S\000t\000a\000g\000e\000\040\0004\000:\000\040\000A\000g\000g\000r\000e\000g\000a\000t\000i\000o\000n\000\040\000\046\000\040\000R\000a\000n\000k\000i\000n\000g}{section.13}% 58
\BOOKMARK [2][-]{subsection.13.5}{\376\377\000R\000e\000s\000p\000o\000n\000s\000e}{section.13}% 59
\BOOKMARK [1][-]{section.14}{\376\377\000S\000o\000u\000r\000c\000e\000\040\000C\000o\000d\000e\000\040\000S\000t\000r\000u\000c\000t\000u\000r\000e}{}% 60
\BOOKMARK [1][-]{section.15}{\376\377\000C\000o\000n\000f\000i\000g\000u\000r\000a\000t\000i\000o\000n\000\040\000\046\000\040\000D\000e\000p\000l\000o\000y\000m\000e\000n\000t\000\040\000N\000o\000t\000e\000s}{}% 61
\BOOKMARK [2][-]{subsection.15.1}{\376\377\000E\000n\000v\000i\000r\000o\000n\000m\000e\000n\000t\000\040\000V\000a\000r\000i\000a\000b\000l\000e\000s}{section.15}% 62
\BOOKMARK [2][-]{subsection.15.2}{\376\377\000D\000e\000v\000e\000l\000o\000p\000m\000e\000n\000t\000\040\000S\000e\000t\000u\000p}{section.15}% 63
\BOOKMARK [2][-]{subsection.15.3}{\376\377\000R\000e\000q\000u\000i\000r\000e\000d\000\040\000P\000o\000s\000t\000g\000r\000e\000S\000Q\000L\000\040\000E\000x\000t\000e\000n\000s\000i\000o\000n}{section.15}% 64
\BOOKMARK [2][-]{subsection.15.4}{\376\377\000E\000n\000a\000b\000l\000i\000n\000g\000\040\000O\000p\000e\000n\000S\000e\000a\000r\000c\000h}{section.15}% 65
\BOOKMARK [1][-]{section.16}{\376\377\000K\000e\000y\000\040\000D\000e\000s\000i\000g\000n\000\040\000D\000e\000c\000i\000s\000i\000o\000n\000s}{}% 66
\BOOKMARK [1][-]{section.17}{\376\377\000F\000u\000t\000u\000r\000e\000\040\000W\000o\000r\000k}{}% 67
\BOOKMARK [1][-]{section.18}{\376\377\000C\000o\000n\000c\000l\000u\000s\000i\000o\000n}{}% 68
