Found 1 test(s).
System check identified no issues (0 silenced).
E
======================================================================
ERROR: test_ltr_training (unittest.loader._FailedTest.test_ltr_training)
----------------------------------------------------------------------
ImportError: Failed to import test module: test_ltr_training
Traceback (most recent call last):
  File "C:\Users\Dell\AppData\Local\Programs\Python\Python313\Lib\unittest\loader.py", line 137, in loadTestsFromName
    module = __import__(module_name)
  File "C:\Users\Dell\Documents\ZaraiLink\backend\search\services\test_ltr_training.py", line 7, in <module>
    from .train_ltr import LTRTrainer, MODEL_PATH
  File "C:\Users\Dell\Documents\ZaraiLink\backend\search\services\train_ltr.py", line 2, in <module>
    import lightgbm as lgb
ModuleNotFoundError: No module named 'lightgbm'


----------------------------------------------------------------------
Ran 1 test in 0.000s

FAILED (errors=1)
