\BOOKMARK [1][-]{section.1}{\376\377\000M\000e\000t\000h\000o\000d\000o\000l\000o\000g\000y}{}% 1
\BOOKMARK [2][-]{subsection.1.1}{\376\377\000E\000x\000c\000l\000u\000d\000e\000d\000\040\000d\000i\000r\000e\000c\000t\000o\000r\000i\000e\000s}{section.1}% 2
\BOOKMARK [2][-]{subsection.1.2}{\376\377\000F\000i\000l\000e\000\040\000c\000o\000u\000n\000t\000s}{section.1}% 3
\BOOKMARK [1][-]{section.2}{\376\377\000B\000a\000c\000k\000e\000n\000d\000\040\040\024\000\040\000S\000e\000a\000r\000c\000h\000\040\000E\000n\000g\000i\000n\000e\000\040\000\050\000b\000a\000c\000k\000e\000n\000d\000/\000s\000e\000a\000r\000c\000h\000/\000\051}{}% 4
\BOOKMARK [2][-]{subsection.2.1}{\376\377\000P\000a\000c\000k\000a\000g\000e\000\040\000r\000o\000o\000t\000s}{section.2}% 5
\BOOKMARK [2][-]{subsection.2.2}{\376\377\000S\000e\000r\000v\000i\000c\000e\000s\000\040\000l\000a\000y\000e\000r}{section.2}% 6
\BOOKMARK [2][-]{subsection.2.3}{\376\377\000M\000a\000n\000a\000g\000e\000m\000e\000n\000t\000\040\000c\000o\000m\000m\000a\000n\000d\000s}{section.2}% 7
\BOOKMARK [2][-]{subsection.2.4}{\376\377\000T\000e\000s\000t\000s}{section.2}% 8
\BOOKMARK [2][-]{subsection.2.5}{\376\377\000M\000i\000g\000r\000a\000t\000i\000o\000n\000s}{section.2}% 9
\BOOKMARK [2][-]{subsection.2.6}{\376\377\000T\000r\000a\000i\000n\000e\000d\000\040\000M\000L\000\040\000m\000o\000d\000e\000l\000s}{section.2}% 10
\BOOKMARK [1][-]{section.3}{\376\377\000P\000r\000o\000j\000e\000c\000t\000\040\000R\000o\000o\000t}{}% 11
\BOOKMARK [2][-]{subsection.3.1}{\376\377\000C\000o\000n\000f\000i\000g\000u\000r\000a\000t\000i\000o\000n\000\040\000a\000n\000d\000\040\000D\000o\000c\000k\000e\000r}{section.3}% 12
\BOOKMARK [2][-]{subsection.3.2}{\376\377\000D\000o\000c\000u\000m\000e\000n\000t\000a\000t\000i\000o\000n}{section.3}% 13
\BOOKMARK [2][-]{subsection.3.3}{\376\377\000S\000e\000t\000u\000p\000\040\000s\000c\000r\000i\000p\000t\000s}{section.3}% 14
\BOOKMARK [2][-]{subsection.3.4}{\376\377\000D\000a\000t\000a\000\040\000i\000n\000p\000u\000t\000s\000\040\000a\000t\000\040\000r\000o\000o\000t}{section.3}% 15
\BOOKMARK [2][-]{subsection.3.5}{\376\377\000P\000y\000t\000h\000o\000n\000\040\000u\000t\000i\000l\000i\000t\000y\000\040\000s\000c\000r\000i\000p\000t\000s\000\040\000a\000t\000\040\000r\000o\000o\000t}{section.3}% 16
\BOOKMARK [1][-]{section.4}{\376\377\000B\000a\000c\000k\000e\000n\000d\000\040\040\024\000\040\000T\000o\000p\000-\000L\000e\000v\000e\000l\000\040\000F\000i\000l\000e\000s\000\040\000\050\000b\000a\000c\000k\000e\000n\000d\000/\000*\000\051}{}% 17
\BOOKMARK [2][-]{subsection.4.1}{\376\377\000L\000i\000v\000e\000\040\000D\000j\000a\000n\000g\000o\000\040\000m\000a\000c\000h\000i\000n\000e\000r\000y}{section.4}% 18
\BOOKMARK [2][-]{subsection.4.2}{\376\377\000D\000a\000t\000a\000\040\000l\000o\000a\000d\000e\000r\000s\000\040\000a\000n\000d\000\040\000s\000e\000e\000d\000\040\000f\000i\000x\000t\000u\000r\000e\000s}{section.4}% 19
\BOOKMARK [2][-]{subsection.4.3}{\376\377\000G\000r\000a\000p\000h\000M\000L\000\040\000f\000i\000l\000e\000s}{section.4}% 20
\BOOKMARK [2][-]{subsection.4.4}{\376\377\000B\000i\000n\000a\000r\000i\000e\000s\000\040\000a\000n\000d\000\040\000c\000r\000o\000s\000s\000-\000p\000l\000a\000t\000f\000o\000r\000m\000\040\000l\000e\000f\000t\000o\000v\000e\000r\000s}{section.4}% 21
\BOOKMARK [2][-]{subsection.4.5}{\376\377\000b\000a\000c\000k\000e\000n\000d\000/\000\040\000d\000e\000v\000\040\000s\000c\000r\000i\000p\000t\000s\000\040\040\024\000\040\000a\000l\000l\000\040\000D\000E\000L\000E\000T\000E\000D}{section.4}% 22
\BOOKMARK [2][-]{subsection.4.6}{\376\377\000S\000t\000a\000l\000e\000\040\000d\000e\000b\000u\000g\000\040\000o\000u\000t\000p\000u\000t\000\040\000\050\000.\000t\000x\000t\000\040\000/\000\040\000.\000j\000s\000o\000n\000\040\000/\000\040\000.\000l\000o\000g\000\051\000\040\040\024\000\040\000a\000l\000l\000\040\000D\000E\000L\000E\000T\000E\000D}{section.4}% 23
\BOOKMARK [2][-]{subsection.4.7}{\376\377\000B\000a\000c\000k\000e\000n\000d\000\040\000s\000u\000b\000-\000d\000i\000r\000e\000c\000t\000o\000r\000i\000e\000s\000\040\000l\000i\000s\000t\000e\000d\000\040\000a\000s\000\040\000f\000o\000l\000d\000e\000r\000s}{section.4}% 24
\BOOKMARK [2][-]{subsection.4.8}{\376\377\000u\000t\000i\000l\000s\000/\000\040\040\024\000\040\000U\000t\000i\000l\000i\000t\000y\000\040\000p\000a\000c\000k\000a\000g\000e}{section.4}% 25
\BOOKMARK [1][-]{section.5}{\376\377\000O\000t\000h\000e\000r\000\040\000T\000o\000p\000-\000L\000e\000v\000e\000l\000\040\000D\000i\000r\000e\000c\000t\000o\000r\000i\000e\000s}{}% 26
\BOOKMARK [2][-]{subsection.5.1}{\376\377\000s\000c\000r\000i\000p\000t\000s\000/\000\040\040\024\000\040\000T\000o\000o\000l\000i\000n\000g}{section.5}% 27
\BOOKMARK [2][-]{subsection.5.2}{\376\377\000R\000e\000s\000o\000u\000r\000c\000e\000s\000/\000\040\040\024\000\040\000S\000R\000S\000\040\000a\000n\000d\000\040\000d\000o\000c\000u\000m\000e\000n\000t\000a\000t\000i\000o\000n\000\040\000a\000s\000s\000e\000t\000s}{section.5}% 28
\BOOKMARK [2][-]{subsection.5.3}{\376\377\000d\000o\000c\000s\000/\000\040\040\024\000\040\000A\000u\000d\000i\000t\000\040\000s\000o\000u\000r\000c\000e}{section.5}% 29
\BOOKMARK [2][-]{subsection.5.4}{\376\377\000.\000g\000i\000t\000h\000u\000b\000/\000\040\040\024\000\040\000C\000I\000\040\000c\000o\000n\000f\000i\000g\000u\000r\000a\000t\000i\000o\000n}{section.5}% 30
\BOOKMARK [1][-]{section.6}{\376\377\000B\000a\000c\000k\000e\000n\000d\000\040\040\024\000\040\000D\000j\000a\000n\000g\000o\000\040\000A\000p\000p\000s}{}% 31
\BOOKMARK [2][-]{subsection.6.1}{\376\377\000D\000j\000a\000n\000g\000o\000\040\000p\000r\000o\000j\000e\000c\000t\000\040\000p\000a\000c\000k\000a\000g\000e\000\040\000\050\000b\000a\000c\000k\000e\000n\000d\000/\000z\000a\000r\000a\000i\000l\000i\000n\000k\000/\000\051}{section.6}% 32
\BOOKMARK [2][-]{subsection.6.2}{\376\377\000a\000c\000c\000o\000u\000n\000t\000s\000/\000\040\040\024\000\040\000A\000u\000t\000h\000e\000n\000t\000i\000c\000a\000t\000i\000o\000n\000\040\000\046\000\040\000u\000s\000e\000r\000\040\000m\000a\000n\000a\000g\000e\000m\000e\000n\000t}{section.6}% 33
\BOOKMARK [2][-]{subsection.6.3}{\376\377\000c\000o\000m\000p\000a\000n\000i\000e\000s\000/\000\040\040\024\000\040\000T\000r\000a\000d\000e\000\040\000d\000i\000r\000e\000c\000t\000o\000r\000y}{section.6}% 34
\BOOKMARK [2][-]{subsection.6.4}{\376\377\000m\000a\000r\000k\000e\000t\000\137\000i\000n\000t\000e\000l\000/\000\040\040\024\000\040\000N\000e\000w\000s\000\040\000\046\000\040\000r\000e\000c\000o\000m\000m\000e\000n\000d\000a\000t\000i\000o\000n\000s}{section.6}% 35
\BOOKMARK [2][-]{subsection.6.5}{\376\377\000s\000u\000b\000s\000c\000r\000i\000p\000t\000i\000o\000n\000s\000/\000\040\040\024\000\040\000P\000l\000a\000n\000s\000,\000\040\000t\000o\000k\000e\000n\000s\000,\000\040\000r\000e\000d\000e\000e\000m\000\040\000c\000o\000d\000e\000s}{section.6}% 36
\BOOKMARK [2][-]{subsection.6.6}{\376\377\000t\000r\000a\000d\000e\000\137\000d\000a\000t\000a\000/\000\040\040\024\000\040\000T\000r\000a\000n\000s\000a\000c\000t\000i\000o\000n\000s\000\040\000\046\000\040\000e\000m\000b\000e\000d\000d\000i\000n\000g\000s}{section.6}% 37
\BOOKMARK [2][-]{subsection.6.7}{\376\377\000t\000r\000a\000d\000e\000\137\000l\000e\000d\000g\000e\000r\000/\000\040\040\024\000\040\000T\000r\000a\000d\000e\000\040\000i\000n\000t\000e\000l\000l\000i\000g\000e\000n\000c\000e\000\040\000A\000P\000I\000s}{section.6}% 38
\BOOKMARK [2][-]{subsection.6.8}{\376\377\000t\000r\000a\000d\000e\000\137\000l\000e\000n\000s\000/\000\040\040\024\000\040\000P\000r\000o\000d\000u\000c\000t\000\040\000a\000n\000a\000l\000y\000t\000i\000c\000s}{section.6}% 39
\BOOKMARK [1][-]{section.7}{\376\377\000F\000r\000o\000n\000t\000e\000n\000d\000\040\000\050\000f\000r\000o\000n\000t\000e\000n\000d\000/\000\051}{}% 40
\BOOKMARK [2][-]{subsection.7.1}{\376\377\000F\000r\000o\000n\000t\000e\000n\000d\000\040\000r\000o\000o\000t\000\040\000\050\000f\000r\000o\000n\000t\000e\000n\000d\000/\000\051}{section.7}% 41
\BOOKMARK [2][-]{subsection.7.2}{\376\377\000f\000r\000o\000n\000t\000e\000n\000d\000/\000p\000u\000b\000l\000i\000c\000/}{section.7}% 42
\BOOKMARK [2][-]{subsection.7.3}{\376\377\000f\000r\000o\000n\000t\000e\000n\000d\000/\000s\000r\000c\000/\000\040\040\024\000\040\000r\000o\000o\000t\000\040\000f\000i\000l\000e\000s}{section.7}% 43
\BOOKMARK [2][-]{subsection.7.4}{\376\377\000s\000r\000c\000/\000c\000o\000n\000t\000e\000x\000t\000/\000\040\040\024\000\040\000G\000l\000o\000b\000a\000l\000\040\000R\000e\000a\000c\000t\000\040\000c\000o\000n\000t\000e\000x\000t\000s}{section.7}% 44
\BOOKMARK [2][-]{subsection.7.5}{\376\377\000s\000r\000c\000/\000h\000o\000o\000k\000s\000/\000\040\040\024\000\040\000U\000t\000i\000l\000i\000t\000y\000\040\000h\000o\000o\000k\000s}{section.7}% 45
\BOOKMARK [2][-]{subsection.7.6}{\376\377\000s\000r\000c\000/\000s\000e\000r\000v\000i\000c\000e\000s\000/\000\040\040\024\000\040\000A\000P\000I\000\040\000l\000a\000y\000e\000r}{section.7}% 46
\BOOKMARK [2][-]{subsection.7.7}{\376\377\000s\000r\000c\000/\000u\000t\000i\000l\000s\000/}{section.7}% 47
\BOOKMARK [2][-]{subsection.7.8}{\376\377\000s\000r\000c\000/\000s\000t\000y\000l\000e\000s\000/}{section.7}% 48
\BOOKMARK [2][-]{subsection.7.9}{\376\377\000s\000r\000c\000/\000c\000o\000m\000p\000o\000n\000e\000n\000t\000s\000/\000A\000u\000t\000h\000/\000\040\040\024\000\040\000A\000u\000t\000h\000e\000n\000t\000i\000c\000a\000t\000i\000o\000n\000\040\000s\000c\000r\000e\000e\000n\000s}{section.7}% 49
\BOOKMARK [2][-]{subsection.7.10}{\376\377\000s\000r\000c\000/\000c\000o\000m\000p\000o\000n\000e\000n\000t\000s\000/\000C\000o\000m\000m\000o\000n\000/\000\040\040\024\000\040\000D\000e\000s\000i\000g\000n\000\040\000s\000y\000s\000t\000e\000m}{section.7}% 50
\BOOKMARK [2][-]{subsection.7.11}{\376\377\000s\000r\000c\000/\000c\000o\000m\000p\000o\000n\000e\000n\000t\000s\000/\000D\000a\000s\000h\000b\000o\000a\000r\000d\000/\000\040\040\024\000\040\000L\000a\000n\000d\000i\000n\000g\000\040\000p\000a\000g\000e}{section.7}% 51
\BOOKMARK [2][-]{subsection.7.12}{\376\377\000s\000r\000c\000/\000c\000o\000m\000p\000o\000n\000e\000n\000t\000s\000/\000L\000a\000y\000o\000u\000t\000/\000\040\040\024\000\040\000A\000p\000p\000\040\000c\000h\000r\000o\000m\000e}{section.7}% 52
\BOOKMARK [2][-]{subsection.7.13}{\376\377\000s\000r\000c\000/\000c\000o\000m\000p\000o\000n\000e\000n\000t\000s\000/\000S\000e\000a\000r\000c\000h\000/\000\040\040\024\000\040\000S\000e\000a\000r\000c\000h\000\040\000U\000I}{section.7}% 53
\BOOKMARK [2][-]{subsection.7.14}{\376\377\000s\000r\000c\000/\000c\000o\000m\000p\000o\000n\000e\000n\000t\000s\000/\000S\000u\000b\000s\000c\000r\000i\000p\000t\000i\000o\000n\000s\000/}{section.7}% 54
\BOOKMARK [2][-]{subsection.7.15}{\376\377\000s\000r\000c\000/\000c\000o\000m\000p\000o\000n\000e\000n\000t\000s\000/\000T\000r\000a\000d\000e\000D\000i\000r\000e\000c\000t\000o\000r\000y\000/}{section.7}% 55
\BOOKMARK [2][-]{subsection.7.16}{\376\377\000s\000r\000c\000/\000c\000o\000m\000p\000o\000n\000e\000n\000t\000s\000/\000T\000r\000a\000d\000e\000I\000n\000t\000e\000l\000l\000i\000g\000e\000n\000c\000e\000/}{section.7}% 56
\BOOKMARK [2][-]{subsection.7.17}{\376\377\000s\000r\000c\000/\000c\000o\000m\000p\000o\000n\000e\000n\000t\000s\000/\000W\000a\000t\000c\000h\000l\000i\000s\000t\000/}{section.7}% 57
\BOOKMARK [1][-]{section.8}{\376\377\000K\000e\000y\000\040\000F\000i\000n\000d\000i\000n\000g\000s\000\040\000\046\000\040\000C\000l\000e\000a\000n\000u\000p\000\040\000R\000e\000c\000o\000m\000m\000e\000n\000d\000a\000t\000i\000o\000n\000s}{}% 58
\BOOKMARK [2][-]{subsection.8.1}{\376\377\000W\000h\000a\000t\000'\000s\000\040\000b\000r\000o\000k\000e\000n\000\040\000b\000u\000t\000\040\000s\000t\000i\000l\000l\000\040\000s\000i\000t\000t\000i\000n\000g\000\040\000o\000n\000\040\000d\000i\000s\000k}{section.8}% 59
\BOOKMARK [2][-]{subsection.8.2}{\376\377\000Q\000u\000a\000n\000t\000i\000f\000i\000e\000d\000\040\000c\000l\000e\000a\000n\000u\000p\000\040\000e\000s\000t\000i\000m\000a\000t\000e\000s}{section.8}% 60
\BOOKMARK [2][-]{subsection.8.3}{\376\377\000W\000h\000a\000t\000\040\000y\000o\000u\000\040\000m\000u\000s\000t\000\040\000n\000o\000t\000\040\000d\000e\000l\000e\000t\000e}{section.8}% 61
\BOOKMARK [2][-]{subsection.8.4}{\376\377\000N\000o\000t\000e\000\040\000o\000n\000\040\000c\000o\000u\000n\000t\000s}{section.8}% 62
